2026-10-03 18:23:56,546 | INFO | 开始运行：五种方法N300主比较、30次重复和不同输出数量验证
2026-10-03 18:23:56,550 | INFO | 正在执行主比较：N=300
2026-10-03 18:23:56,551 | INFO | 正在生成四种正式基线与SSMR-FS，共5种方法，N=300
2026-10-03 18:24:45,065 | INFO | 主比较完成，结果输出：../结果/05_N300五种方法主比较
2026-10-03 18:24:45,087 | INFO |  method   路径覆盖误差  关键温区覆盖误差     路径间隔    对数特征体积
   简单随机 1.778443  1.816380 0.229651 -0.239725
  Sobol 1.747404  1.804393 0.229651 -0.283302
 OA-LHS 1.986145  1.961409 0.229651 -0.073707
 MaxPro 1.828207  1.897731 0.252086 -0.346701
SSMR-FS 1.413786  1.548716 0.803195  0.293819
2026-10-03 18:24:45,092 | INFO | 正在执行30次随机重复分析
2026-10-03 18:24:45,448 | INFO | 随机重复 1/30
2026-10-03 18:24:48,867 | INFO | 随机重复 2/30
2026-10-03 18:24:52,300 | INFO | 随机重复 3/30
2026-10-03 18:24:55,694 | INFO | 随机重复 4/30
2026-10-03 18:24:59,073 | INFO | 随机重复 5/30
2026-10-03 18:25:02,461 | INFO | 随机重复 6/30
2026-10-03 18:25:05,971 | INFO | 随机重复 7/30
2026-10-03 18:25:09,342 | INFO | 随机重复 8/30
2026-10-03 18:25:12,683 | INFO | 随机重复 9/30
2026-10-03 18:25:16,073 | INFO | 随机重复 10/30
2026-10-03 18:25:19,456 | INFO | 随机重复 11/30
2026-10-03 18:25:22,871 | INFO | 随机重复 12/30
2026-10-03 18:25:26,245 | INFO | 随机重复 13/30
2026-10-03 18:25:29,740 | INFO | 随机重复 14/30
2026-10-03 18:25:33,106 | INFO | 随机重复 15/30
2026-10-03 18:25:36,548 | INFO | 随机重复 16/30
2026-10-03 18:25:39,984 | INFO | 随机重复 17/30
2026-10-03 18:25:43,410 | INFO | 随机重复 18/30
2026-10-03 18:25:46,842 | INFO | 随机重复 19/30
2026-10-03 18:25:50,250 | INFO | 随机重复 20/30
2026-10-03 18:25:53,629 | INFO | 随机重复 21/30
2026-10-03 18:25:57,058 | INFO | 随机重复 22/30
2026-10-03 18:26:00,589 | INFO | 随机重复 23/30
2026-10-03 18:26:04,101 | INFO | 随机重复 24/30
2026-10-03 18:26:07,513 | INFO | 随机重复 25/30
2026-10-03 18:26:10,960 | INFO | 随机重复 26/30
2026-10-03 18:26:14,395 | INFO | 随机重复 27/30
2026-10-03 18:26:17,825 | INFO | 随机重复 28/30
2026-10-03 18:26:21,282 | INFO | 随机重复 29/30
2026-10-03 18:26:24,671 | INFO | 随机重复 30/30
2026-10-03 18:26:31,339 | INFO | 随机重复分析完成，结果输出：../结果/06_N300五种方法30次重复
2026-10-03 18:26:31,343 | INFO | 正在执行不同输出数量稳健性验证
2026-10-03 18:26:34,796 | INFO | 当前样本量 N=200
2026-10-03 18:26:35,426 | INFO | 当前样本量 N=500
2026-10-03 18:26:37,259 | INFO | 当前样本量 N=800
2026-10-03 18:26:40,644 | INFO | 当前样本量 N=1000
2026-10-03 18:26:45,213 | INFO | 当前样本量 N=1300
2026-10-03 18:26:51,907 | INFO | 当前样本量 N=1500
2026-10-03 18:27:22,759 | INFO | 不同输出数量稳健性验证完成，结果输出：../结果/07_五种方法不同输出数量验证
2026-10-03 18:27:22,767 | INFO | 全部流程运行完成
